[aisonggenerator.io/index.html]
[aisonggenerator.io/logo.png]
[dns1.aisonggenerator.io/image/361ce399-b8ad-4591-8f8e-480e45d56a73.png]
[dns1.aisonggenerator.io/image/038abc30-320c-494c-a465-977241e6b03f.png]
[dns1.aisonggenerator.io/image/908f4383-51e0-478a-8daa-67ae237e7ef0.png]
[dns1.aisonggenerator.io/image/a884af83-6882-44aa-94b1-46b5840e3c45.png]
[dns1.aisonggenerator.io/image/6a617d67-35ab-4d29-b5f6-6ef95e278f59.png]
[dns1.aisonggenerator.io/image/559bfeb5-ad56-4dfa-bf0c-a4ed0015b1c1.png]
[dns1.aisonggenerator.io/image/796832b9-f232-41a8-83f8-e4438864ae63.png]
[dns1.aisonggenerator.io/image/07beb644-d343-4df3-94ad-a558454d43c2.png]
[dns1.aisonggenerator.io/image/978b53b9-a5a2-487e-8097-f9d823c0a7fd.png]
[aisonggenerator.io/_next/static/css/2e086a01148667d5.css]
[aisonggenerator.io/_next/static/css/77d7f3f1873d93a7.css]
[aisonggenerator.io/_next/static/css/89efe67ea01a60f3.css]
[aisonggenerator.io/_next/static/chunks/webpack-83e2d3fe0b704d78.js]
[aisonggenerator.io/_next/static/chunks/8cdbbac6-adc9f86abce6567e.js]
[aisonggenerator.io/_next/static/chunks/9642-6ce235bd88c6b91a.js]
[aisonggenerator.io/_next/static/chunks/main-app-bbcd37bad7506fa1.js]
[aisonggenerator.io/_next/static/chunks/9706-2f743aff4bcf5ce4.js]
[aisonggenerator.io/_next/static/chunks/app/not-found-2a46449248f3ed76.js]
[aisonggenerator.io/_next/static/chunks/08ffd5a1-7f4913ce33817a96.js]
[aisonggenerator.io/_next/static/chunks/ed4d8db7-62c8d6489ad6ffb2.js]
[aisonggenerator.io/_next/static/chunks/e45b61f8-ae0a6ac11b309946.js]
[aisonggenerator.io/_next/static/chunks/8949-67e4403e813e9c6d.js]
[aisonggenerator.io/_next/static/chunks/9184-c9512d9235e3cd74.js]
[aisonggenerator.io/_next/static/chunks/1473-d81291f60c3bb705.js]
[aisonggenerator.io/_next/static/chunks/2713-b9e13d168c87b9c6.js]
[aisonggenerator.io/_next/static/chunks/7410-8edc4871b72c5a31.js]
[aisonggenerator.io/_next/static/chunks/6865-659f6d4c7f9df689.js]
[aisonggenerator.io/_next/static/chunks/7504-e5656c2d308126a0.js]
[aisonggenerator.io/_next/static/chunks/2529-237c1b71cc060d28.js]
[aisonggenerator.io/_next/static/chunks/1323-a08d1a6817bc99b1.js]
[aisonggenerator.io/_next/static/chunks/5835-33f105e1e10b13f8.js]
[aisonggenerator.io/_next/static/chunks/app/[locale]/page-34024f8ec9b44d61.js]
[aisonggenerator.io/_next/static/chunks/4181-406baf22bc2abde4.js]
[aisonggenerator.io/_next/static/chunks/4593-7a96608f2ec9bf2c.js]
[aisonggenerator.io/_next/static/chunks/8744-26f3f86aabae6392.js]
[aisonggenerator.io/_next/static/chunks/app/[locale]/layout-fabbd44d27aeadd1.js]
[pagead2.googlesyndication.com/pagead/js/f5670.txt]
[dns1.aisonggenerator.io/image/4cb0691f-7b50-4bf0-9d2b-757f02bde3e2.png]
[aisonggenerator.io/logo800_8000f28.webp]
[aisonggenerator.io/f1.webp]
[aisonggenerator.io/features3/1.webp]
[aisonggenerator.io/features3/2.webp]
[aisonggenerator.io/features3/3.webp]
[aisonggenerator.io/features3/4.webp]
[cdn.rareblocks.xyz/collection/clarity/images/testimonial/5/avatar-male-1.png]
[cdn.rareblocks.xyz/collection/clarity/images/testimonial/5/avatar-female-1.png]
[cdn.rareblocks.xyz/collection/clarity/images/testimonial/5/avatar-female-2.png]
[cdn.rareblocks.xyz/collection/clarity/images/testimonial/5/avatar-male-2.png]
[cdn.rareblocks.xyz/collection/clarity/images/testimonial/5/avatar-female-3.png]
[cdn.rareblocks.xyz/collection/clarity/images/testimonial/5/avatar-male-3.png]
[backblue.gif]
[fade.gif]
[index.html]
[aisonggenerator.io/es.html]
[aisonggenerator.io/pt.html]
[aisonggenerator.io/ja.html]
[aisonggenerator.io/ko.html]
[aisonggenerator.io/vi.html]
[aisonggenerator.io/th.html]
[aisonggenerator.io/zh.html]
[aisonggenerator.io/fr.html]
[aisonggenerator.io/de.html]
[aisonggenerator.io/favicon.ico]
[aisonggenerator.io/ru.html]
[aisonggenerator.io/_next/static/chunks/polyfills-42372ed130431b0a.js]
[aisonggenerator.io/myworks.html]
[aisonggenerator.io/vocal-remover.html]
[aisonggenerator.io/pricing.html]
[aisonggenerator.io/contact.html]
[aisonggenerator.io/login.html]
[aisonggenerator.io/cdn-cgi/l/email-protection.html]
[aisonggenerator.io/about-us.html]
[aisonggenerator.io/privacy.html]
[aisonggenerator.io/terms.html]
[aisonggenerator.io/refund-policy.html]
[aisonggenerator.io/index.html]
[aisonggenerator.io/_next/static/css/2e086a01148667d5.css]
[aisonggenerator.io/_next/static/css/77d7f3f1873d93a7.css]
[aisonggenerator.io/cdn-cgi/scripts/5c5dd728/cloudflare-static/email-decode.min.js]
[aisonggenerator.io/_next/static/media/55c55f0601d81cf3-s.woff2]
[aisonggenerator.io/_next/static/media/26a46d62cd723877-s.woff2]
[aisonggenerator.io/_next/static/media/97e0cb1ae144a2a9-s.woff2]
[aisonggenerator.io/_next/static/media/581909926a08bbc8-s.woff2]
[aisonggenerator.io/_next/static/media/df0a9ae256c0569c-s.woff2]
[aisonggenerator.io/_next/static/media/6d93bde91c0c2823-s.woff2]
[aisonggenerator.io/_next/static/media/a34f9d1faa5f3315-s.p.woff2]
[aisonggenerator.io/_next/static/css/89efe67ea01a60f3.css]
[aisonggenerator.io/es/myworks.html]
[aisonggenerator.io/es/vocal-remover.html]
[aisonggenerator.io/es/pricing.html]
[aisonggenerator.io/es/contact.html]
[aisonggenerator.io/es/login.html]
[aisonggenerator.io/es/about-us.html]
[aisonggenerator.io/es/privacy.html]
[aisonggenerator.io/es/terms.html]
[aisonggenerator.io/es.html]
[aisonggenerator.io/es/refund-policy.html]
[aisonggenerator.io/pt/myworks.html]
[aisonggenerator.io/pt/vocal-remover.html]
[aisonggenerator.io/pt/pricing.html]
[aisonggenerator.io/pt/contact.html]
[aisonggenerator.io/pt/login.html]
[aisonggenerator.io/pt/about-us.html]
[aisonggenerator.io/pt/privacy.html]
[aisonggenerator.io/pt/terms.html]
[aisonggenerator.io/pt.html]
[aisonggenerator.io/pt/refund-policy.html]
[aisonggenerator.io/ja/myworks.html]
[aisonggenerator.io/ja/vocal-remover.html]
[aisonggenerator.io/ja/pricing.html]
[aisonggenerator.io/ja/contact.html]
[aisonggenerator.io/ja/login.html]
[aisonggenerator.io/ja/about-us.html]
[aisonggenerator.io/ja/privacy.html]
[aisonggenerator.io/ja/terms.html]
[aisonggenerator.io/ja.html]
[aisonggenerator.io/ja/refund-policy.html]
[aisonggenerator.io/ko/myworks.html]
[aisonggenerator.io/ko/vocal-remover.html]
[aisonggenerator.io/ko/pricing.html]
[aisonggenerator.io/ko/contact.html]
[aisonggenerator.io/ko/login.html]
[aisonggenerator.io/ko/about-us.html]
[aisonggenerator.io/ko/privacy.html]
[aisonggenerator.io/ko/terms.html]
[aisonggenerator.io/ko.html]
[aisonggenerator.io/ko/refund-policy.html]
[aisonggenerator.io/vi/myworks.html]
[aisonggenerator.io/vi/vocal-remover.html]
[aisonggenerator.io/vi/pricing.html]
[aisonggenerator.io/vi/contact.html]
[aisonggenerator.io/vi/login.html]
[aisonggenerator.io/vi/about-us.html]
[aisonggenerator.io/vi/privacy.html]
[aisonggenerator.io/vi/terms.html]
[aisonggenerator.io/vi.html]
[aisonggenerator.io/vi/refund-policy.html]
[aisonggenerator.io/th/myworks.html]
[aisonggenerator.io/th/vocal-remover.html]
[aisonggenerator.io/th/pricing.html]
[aisonggenerator.io/th/contact.html]
[aisonggenerator.io/th/login.html]
[aisonggenerator.io/th/about-us.html]
[aisonggenerator.io/th/privacy.html]
[aisonggenerator.io/th/terms.html]
[aisonggenerator.io/th.html]
[aisonggenerator.io/th/refund-policy.html]
[aisonggenerator.io/zh/myworks.html]
[aisonggenerator.io/zh/vocal-remover.html]
[aisonggenerator.io/zh/pricing.html]
[aisonggenerator.io/zh/contact.html]
[aisonggenerator.io/zh/login.html]
[aisonggenerator.io/zh/about-us.html]
[aisonggenerator.io/zh/privacy.html]
[aisonggenerator.io/zh/terms.html]
[aisonggenerator.io/zh.html]
[aisonggenerator.io/zh/refund-policy.html]
[aisonggenerator.io/fr/myworks.html]
[aisonggenerator.io/fr/vocal-remover.html]
[aisonggenerator.io/fr/pricing.html]
[aisonggenerator.io/fr/contact.html]
[aisonggenerator.io/fr/login.html]
[aisonggenerator.io/fr/about-us.html]
[aisonggenerator.io/fr/privacy.html]
[aisonggenerator.io/fr/terms.html]
[aisonggenerator.io/fr.html]
[aisonggenerator.io/fr/refund-policy.html]
[aisonggenerator.io/de/myworks.html]
[aisonggenerator.io/de/vocal-remover.html]
[aisonggenerator.io/de/pricing.html]
[aisonggenerator.io/de/contact.html]
[aisonggenerator.io/de/login.html]
[aisonggenerator.io/de/about-us.html]
[aisonggenerator.io/de/privacy.html]
[aisonggenerator.io/de/terms.html]
[aisonggenerator.io/de.html]
[aisonggenerator.io/de/refund-policy.html]
[aisonggenerator.io/ru/myworks.html]
[aisonggenerator.io/ru/vocal-remover.html]
[aisonggenerator.io/ru/pricing.html]
[aisonggenerator.io/ru/contact.html]
[aisonggenerator.io/ru/login.html]
[aisonggenerator.io/ru/about-us.html]
[aisonggenerator.io/ru/privacy.html]
[aisonggenerator.io/ru/terms.html]
[aisonggenerator.io/ru.html]
[aisonggenerator.io/ru/refund-policy.html]
[aisonggenerator.io/_next/static/chunks/8841-4a9b582a89ae5e01.js]
[aisonggenerator.io/_next/static/chunks/3552-49cb954dcfb4bd47.js]
[aisonggenerator.io/myworks.html]
[aisonggenerator.io/_next/static/chunks/app/[locale]/(main)/myworks/page-7da83507b65b0295.js]
[aisonggenerator.io/_next/static/chunks/app/[locale]/(main)/vocal-remover/page-8678e23ba3f50ae6.js]
[aisonggenerator.io/vocal-remover.html]
[aisonggenerator.io/_next/static/chunks/app/[locale]/(main)/vocal-remover/layout-6cdb30900ef97672.js]
[aisonggenerator.io/_next/static/chunks/app/[locale]/(main)/pricing/layout-6cedb20a5740329a.js]
[aisonggenerator.io/_next/static/chunks/2738-8c56692c7dd1de9f.js]
[aisonggenerator.io/pricing.html]
[aisonggenerator.io/_next/static/chunks/app/[locale]/(main)/pricing/page-55914d7d02ec1a44.js]
[aisonggenerator.io/contact.html]
[aisonggenerator.io/_next/static/chunks/app/[locale]/(main)/contact/page-818871cad2dae3a0.js]
[aisonggenerator.io/login.html]
[aisonggenerator.io/cdn-cgi/l/email-protection.html]
[aisonggenerator.io/_next/static/chunks/app/[locale]/(auth)/login/page-05b35769059acd00.js]
[aisonggenerator.io/company-map.png]
[aisonggenerator.io/company.avif]
[aisonggenerator.io/_next/static/chunks/app/[locale]/(terms)/about-us/page-b123f2fba417a564.js]
[aisonggenerator.io/about-us.html]
[aisonggenerator.io/_next/static/chunks/app/[locale]/(terms)/about-us/layout-bf33bbe471333cc0.js]
[aisonggenerator.io/privacy.html]
[aisonggenerator.io/_next/static/chunks/app/[locale]/(terms)/privacy/page-13216c1377f0a2ab.js]
[aisonggenerator.io/terms.html]
[aisonggenerator.io/_next/static/chunks/app/[locale]/(terms)/terms/page-2d09fbb6dda9262d.js]
[aisonggenerator.io/refund-policy.html]
[aisonggenerator.io/es/myworks.html]
[aisonggenerator.io/es/vocal-remover.html]
[aisonggenerator.io/es/pricing.html]
[aisonggenerator.io/es/contact.html]
[aisonggenerator.io/es/login.html]
[aisonggenerator.io/es/about-us.html]
[aisonggenerator.io/es/privacy.html]
[aisonggenerator.io/es/terms.html]
[aisonggenerator.io/es/refund-policy.html]
[aisonggenerator.io/_next/static/chunks/app/[locale]/(terms)/refund-policy/page-30b9841d6ef0b75f.js]
[aisonggenerator.io/pt/myworks.html]
[aisonggenerator.io/pt/vocal-remover.html]
[aisonggenerator.io/pt/pricing.html]
[aisonggenerator.io/pt/contact.html]
[aisonggenerator.io/pt/login.html]
[aisonggenerator.io/pt/about-us.html]
[aisonggenerator.io/pt/privacy.html]
[aisonggenerator.io/pt/terms.html]
[aisonggenerator.io/pt/refund-policy.html]
[aisonggenerator.io/ja/myworks.html]
[aisonggenerator.io/ja/vocal-remover.html]
[aisonggenerator.io/ja/pricing.html]
[aisonggenerator.io/ja/contact.html]
[aisonggenerator.io/ja/login.html]
[aisonggenerator.io/ja/about-us.html]
[aisonggenerator.io/ja/privacy.html]
[aisonggenerator.io/ja/terms.html]
[aisonggenerator.io/ja/refund-policy.html]
[aisonggenerator.io/ko/myworks.html]
[aisonggenerator.io/ko/vocal-remover.html]
[aisonggenerator.io/ko/pricing.html]
[aisonggenerator.io/ko/contact.html]
[aisonggenerator.io/ko/login.html]
[aisonggenerator.io/ko/about-us.html]
[aisonggenerator.io/ko/privacy.html]
[aisonggenerator.io/ko/terms.html]
[aisonggenerator.io/ko/refund-policy.html]
[aisonggenerator.io/vi/myworks.html]
[aisonggenerator.io/vi/vocal-remover.html]
[aisonggenerator.io/vi/pricing.html]
[aisonggenerator.io/vi/contact.html]
[aisonggenerator.io/vi/login.html]
[aisonggenerator.io/vi/about-us.html]
[aisonggenerator.io/vi/privacy.html]
[aisonggenerator.io/vi/terms.html]
[aisonggenerator.io/vi/refund-policy.html]
[aisonggenerator.io/th/myworks.html]
[aisonggenerator.io/th/vocal-remover.html]
[aisonggenerator.io/th/pricing.html]
[aisonggenerator.io/th/contact.html]
[aisonggenerator.io/th/login.html]
[aisonggenerator.io/th/about-us.html]
[aisonggenerator.io/th/privacy.html]
[aisonggenerator.io/th/terms.html]
[aisonggenerator.io/th/refund-policy.html]
[aisonggenerator.io/zh/myworks.html]
[aisonggenerator.io/zh/vocal-remover.html]
[aisonggenerator.io/zh/pricing.html]
[aisonggenerator.io/zh/contact.html]
[aisonggenerator.io/zh/login.html]
[aisonggenerator.io/zh/about-us.html]
[aisonggenerator.io/zh/privacy.html]
[aisonggenerator.io/zh/terms.html]
[aisonggenerator.io/zh/refund-policy.html]
[aisonggenerator.io/fr/myworks.html]
[aisonggenerator.io/fr/vocal-remover.html]
[aisonggenerator.io/fr/pricing.html]
[aisonggenerator.io/fr/contact.html]
[aisonggenerator.io/fr/login.html]
[aisonggenerator.io/fr/about-us.html]
[aisonggenerator.io/fr/privacy.html]
[aisonggenerator.io/fr/terms.html]
[aisonggenerator.io/fr/refund-policy.html]
[aisonggenerator.io/de/myworks.html]
[aisonggenerator.io/de/vocal-remover.html]
[aisonggenerator.io/de/pricing.html]
[aisonggenerator.io/de/contact.html]
[aisonggenerator.io/de/login.html]
[aisonggenerator.io/de/about-us.html]
[aisonggenerator.io/de/privacy.html]
[aisonggenerator.io/de/terms.html]
[aisonggenerator.io/de/refund-policy.html]
[aisonggenerator.io/ru/myworks.html]
[aisonggenerator.io/ru/vocal-remover.html]
[aisonggenerator.io/ru/pricing.html]
[aisonggenerator.io/ru/contact.html]
[aisonggenerator.io/ru/login.html]
[aisonggenerator.io/ru/about-us.html]
[aisonggenerator.io/ru/privacy.html]
[aisonggenerator.io/ru/terms.html]
[aisonggenerator.io/ru/refund-policy.html]
